nohup: ignoring input
📡 Git Watch Daemon started at Wed Jul  9 04:02:17 PM CDT 2025
Setting up watches.  Beware: since -r was given, this may take a while!
Watches established.
🔄 Change detected: README.md (MODIFY)
error: cannot pull with rebase: You have unstaged changes.
error: Please commit or stash them.
[main d70a973] Real-time update: 2025-07-09 16:02:40
 33 files changed, 1246 insertions(+), 42 deletions(-)
 create mode 100644 __pycache__/memory_core.cpython-312.pyc
 create mode 100644 _init_.py
 create mode 100644 git_watch.log
 create mode 100755 git_watch.sh
 delete mode 100644 memory.py
 create mode 100644 memory/_init_.py
 create mode 100644 memory/index.py
 create mode 100644 memory/schema.py
 create mode 100644 memory/store.py
 create mode 100644 memory/summarizer.py
 create mode 100644 memory_core.py
 create mode 100644 venv/lib/python3.12/site-packages/flask_cors-6.0.1.dist-info/INSTALLER
 create mode 100644 venv/lib/python3.12/site-packages/flask_cors-6.0.1.dist-info/METADATA
 create mode 100644 venv/lib/python3.12/site-packages/flask_cors-6.0.1.dist-info/RECORD
 create mode 100644 venv/lib/python3.12/site-packages/flask_cors-6.0.1.dist-info/REQUESTED
 create mode 100644 venv/lib/python3.12/site-packages/flask_cors-6.0.1.dist-info/WHEEL
 create mode 100644 venv/lib/python3.12/site-packages/flask_cors-6.0.1.dist-info/top_level.txt
 create mode 100644 venv/lib/python3.12/site-packages/flask_cors/__init__.py
 create mode 100644 venv/lib/python3.12/site-packages/flask_cors/__pycache__/__init__.cpython-312.pyc
 create mode 100644 venv/lib/python3.12/site-packages/flask_cors/__pycache__/core.cpython-312.pyc
 create mode 100644 venv/lib/python3.12/site-packages/flask_cors/__pycache__/decorator.cpython-312.pyc
 create mode 100644 venv/lib/python3.12/site-packages/flask_cors/__pycache__/extension.cpython-312.pyc
 create mode 100644 venv/lib/python3.12/site-packages/flask_cors/__pycache__/version.cpython-312.pyc
 create mode 100644 venv/lib/python3.12/site-packages/flask_cors/core.py
 create mode 100644 venv/lib/python3.12/site-packages/flask_cors/decorator.py
 create mode 100644 venv/lib/python3.12/site-packages/flask_cors/extension.py
 create mode 100644 venv/lib/python3.12/site-packages/flask_cors/version.py
remote: This repository moved. Please use the new location:        
remote:   https://github.com/menu150/Praetor.git        
To https://github.com/menu150/praetor.git
   569156c..d70a973  main -> main
✅ Git push complete.
📡 Git Watch Daemon started at Wed Jul  9 10:07:33 PM CDT 2025
Setting up watches.  Beware: since -r was given, this may take a while!
Watches established.
🔄 Change detected: udo systemctl restart git-watch (CREATE)
error: cannot pull with rebase: You have unstaged changes.
error: Please commit or stash them.
[main 0b1415f] Real-time update: 2025-07-09 22:07:49
 3 files changed, 59 insertions(+)
 create mode 100644 udo systemctl restart git-watch
remote: This repository moved. Please use the new location:        
remote:   https://github.com/menu150/Praetor.git        
To https://github.com/menu150/praetor.git
   4eb5471..0b1415f  main -> main
✅ Git push complete.
🔄 Change detected: udo systemctl restart git-watch (MODIFY)
error: cannot pull with rebase: You have unstaged changes.
error: Please commit or stash them.
[main 88fd548] Real-time update: 2025-07-09 22:07:49
 1 file changed, 11 insertions(+)
remote: This repository moved. Please use the new location:        
remote:   https://github.com/menu150/Praetor.git        
To https://github.com/menu150/praetor.git
   0b1415f..88fd548  main -> main
✅ Git push complete.
📡 Git Watch Daemon started at Wed Jul  9 10:10:21 PM CDT 2025
Setting up watches.  Beware: since -r was given, this may take a while!
Watches established.
🔄 Change detected: ystemctl status praetor-dashboard (CREATE)
🔄 Change detected: ystemctl status praetor-dashboard (CREATE)
error: cannot pull with rebase: You have unstaged changes.
error: Please commit or stash them.
error: cannot pull with rebase: You have unstaged changes.
error: Please commit or stash them.
fatal: Unable to create '/home/menu150/praetor/.git/index.lock': File exists.

Another git process seems to be running in this repository, e.g.
an editor opened by 'git commit'. Please make sure all processes
are terminated then try again. If it still fails, a git process
may have crashed in this repository earlier:
remove the file manually to continue.
